2025-05-19 10:09:22,910 - airflow.utils.log.logging_mixin.LoggingMixin - INFO - Starting download of dataset...
2025-05-19 10:09:35,026 - airflow.utils.log.logging_mixin.LoggingMixin - INFO - Download complete. Starting extraction...
2025-05-19 10:09:35,363 - airflow.utils.log.logging_mixin.LoggingMixin - INFO - Dataset downloaded and extracted successfully!
2025-05-19 10:12:55,121 - airflow.utils.log.logging_mixin.LoggingMixin - INFO - Starting download of dataset...
2025-05-19 10:13:04,570 - airflow.utils.log.logging_mixin.LoggingMixin - INFO - Download complete. Starting extraction...
2025-05-19 10:13:04,975 - airflow.utils.log.logging_mixin.LoggingMixin - INFO - Dataset downloaded and extracted successfully!
2025-05-19 10:18:18,896 - airflow.utils.log.logging_mixin.LoggingMixin - INFO - Starting download of dataset...
2025-05-19 10:18:30,901 - airflow.utils.log.logging_mixin.LoggingMixin - INFO - Download complete. Starting extraction...
2025-05-19 10:18:31,303 - airflow.utils.log.logging_mixin.LoggingMixin - INFO - Dataset downloaded and extracted successfully!
2025-05-19 10:37:06,570 - airflow.utils.log.logging_mixin.LoggingMixin - INFO - Starting download of dataset...
2025-05-19 10:37:21,592 - airflow.utils.log.logging_mixin.LoggingMixin - INFO - Download complete. Starting extraction...
2025-05-19 10:37:21,968 - airflow.utils.log.logging_mixin.LoggingMixin - INFO - Dataset downloaded and extracted successfully!
2025-05-19 10:47:51,784 - airflow.utils.log.logging_mixin.LoggingMixin - INFO - Starting download of dataset...
2025-05-19 10:47:59,950 - airflow.utils.log.logging_mixin.LoggingMixin - INFO - Download complete. Starting extraction...
2025-05-19 10:48:00,325 - airflow.utils.log.logging_mixin.LoggingMixin - INFO - Dataset downloaded and extracted successfully!
2025-05-19 11:29:56,089 - airflow.utils.log.logging_mixin.LoggingMixin - INFO - Starting download of dataset...
2025-05-19 11:30:03,463 - airflow.utils.log.logging_mixin.LoggingMixin - INFO - Download complete. Starting extraction...
2025-05-19 11:30:03,973 - airflow.utils.log.logging_mixin.LoggingMixin - INFO - Dataset downloaded and extracted successfully!
2025-05-19 11:35:11,223 - airflow.utils.log.logging_mixin.LoggingMixin - INFO - Reading CSV file...
2025-05-19 11:35:11,709 - airflow.utils.log.logging_mixin.LoggingMixin - INFO - Connecting to MySQL...
2025-05-19 11:35:11,813 - airflow.utils.log.logging_mixin.LoggingMixin - INFO - Creating table if not exists...
2025-05-19 11:35:11,831 - airflow.utils.log.logging_mixin.LoggingMixin - INFO - Inserting data...
2025-05-19 11:36:11,858 - airflow.utils.log.logging_mixin.LoggingMixin - INFO - Data loaded successfully!
2025-05-19 11:36:11,863 - airflow.utils.log.logging_mixin.LoggingMixin - INFO - MySQL connection closed
2025-05-19 12:27:32,274 - airflow.utils.log.logging_mixin.LoggingMixin - INFO - Starting download of dataset...
2025-05-19 12:27:39,422 - airflow.utils.log.logging_mixin.LoggingMixin - INFO - Download complete. Starting extraction...
2025-05-19 12:27:39,826 - airflow.utils.log.logging_mixin.LoggingMixin - INFO - Dataset downloaded and extracted successfully!
2025-05-19 12:27:46,483 - airflow.utils.log.logging_mixin.LoggingMixin - INFO - Reading CSV file...
2025-05-19 12:27:47,123 - airflow.utils.log.logging_mixin.LoggingMixin - INFO - Connecting to MySQL...
2025-05-19 12:27:47,229 - airflow.utils.log.logging_mixin.LoggingMixin - INFO - Creating table if not exists...
2025-05-19 12:27:47,244 - airflow.utils.log.logging_mixin.LoggingMixin - INFO - Inserting data...
2025-05-19 12:28:35,869 - airflow.utils.log.logging_mixin.LoggingMixin - INFO - Data loaded successfully!
2025-05-19 12:28:35,874 - airflow.utils.log.logging_mixin.LoggingMixin - INFO - MySQL connection closed
2025-05-19 12:28:39,477 - airflow.utils.log.logging_mixin.LoggingMixin - INFO - Connecting to MySQL for data validation...
2025-05-19 12:28:39,562 - airflow.utils.log.logging_mixin.LoggingMixin - INFO - Checking required columns and data types...
2025-05-19 12:28:39,574 - airflow.utils.log.logging_mixin.LoggingMixin - INFO - Checking for null values in critical fields...
2025-05-19 12:28:39,580 - airflow.utils.log.logging_mixin.LoggingMixin - ERROR - Error during data validation: 1064 (42000): You have an error in your SQL syntax; check the manual that corresponds to your MySQL server version for the right syntax to use near 'Date & Time IS NULL OR Arrival Date & Time IS NULL OR Base Fare (BDT) IS NULL OR' at line 3
2025-05-19 12:28:39,583 - airflow.utils.log.logging_mixin.LoggingMixin - INFO - MySQL connection closed
2025-05-19 12:37:19,878 - airflow.utils.log.logging_mixin.LoggingMixin - INFO - Connecting to MySQL for data validation...
2025-05-19 12:37:19,948 - airflow.utils.log.logging_mixin.LoggingMixin - INFO - Checking required columns and data types...
2025-05-19 12:37:19,954 - airflow.utils.log.logging_mixin.LoggingMixin - INFO - Checking for null values in critical fields...
2025-05-19 12:37:20,230 - airflow.utils.log.logging_mixin.LoggingMixin - INFO - Validating numeric values...
2025-05-19 12:37:20,377 - airflow.utils.log.logging_mixin.LoggingMixin - INFO - Validating string fields...
2025-05-19 12:37:20,573 - airflow.utils.log.logging_mixin.LoggingMixin - INFO - Validating date fields...
2025-05-19 12:37:20,745 - airflow.utils.log.logging_mixin.LoggingMixin - INFO - Checking data consistency...
2025-05-19 12:37:20,844 - airflow.utils.log.logging_mixin.LoggingMixin - WARNING - Found 5044 rows with inconsistent data
2025-05-19 12:37:20,845 - airflow.utils.log.logging_mixin.LoggingMixin - INFO - Checking for duplicate entries...
2025-05-19 12:37:22,044 - airflow.utils.log.logging_mixin.LoggingMixin - WARNING - Found 57000 sets of duplicate flight entries
2025-05-19 12:37:22,045 - airflow.utils.log.logging_mixin.LoggingMixin - INFO - Data validation completed successfully!
2025-05-19 12:37:22,046 - airflow.utils.log.logging_mixin.LoggingMixin - INFO - Summary of findings:
2025-05-19 12:37:22,047 - airflow.utils.log.logging_mixin.LoggingMixin - INFO - - Null values in critical fields: 0
2025-05-19 12:37:22,048 - airflow.utils.log.logging_mixin.LoggingMixin - INFO - - Invalid numeric values: 0
2025-05-19 12:37:22,049 - airflow.utils.log.logging_mixin.LoggingMixin - INFO - - Empty string values: 0
2025-05-19 12:37:22,056 - airflow.utils.log.logging_mixin.LoggingMixin - INFO - - Invalid date formats/sequences: 0
2025-05-19 12:37:22,057 - airflow.utils.log.logging_mixin.LoggingMixin - INFO - - Inconsistent data: 5044
2025-05-19 12:37:22,058 - airflow.utils.log.logging_mixin.LoggingMixin - INFO - - Duplicate entries: 57000
2025-05-19 12:37:22,060 - airflow.utils.log.logging_mixin.LoggingMixin - INFO - MySQL connection closed
2025-05-19 12:37:25,603 - airflow.utils.log.logging_mixin.LoggingMixin - INFO - Connecting to MySQL for data transformation and KPI computation...
2025-05-19 12:37:25,654 - airflow.utils.log.logging_mixin.LoggingMixin - INFO - Creating KPI tables...
2025-05-19 12:37:25,907 - airflow.utils.log.logging_mixin.LoggingMixin - INFO - Updating Total Fare calculations...
2025-05-19 12:37:26,345 - airflow.utils.log.logging_mixin.LoggingMixin - INFO - Computing airline metrics...
2025-05-19 12:37:26,703 - airflow.utils.log.logging_mixin.LoggingMixin - INFO - Computing seasonal metrics...
2025-05-19 12:37:26,963 - airflow.utils.log.logging_mixin.LoggingMixin - INFO - Computing route metrics...
2025-05-19 12:37:27,282 - airflow.utils.log.logging_mixin.LoggingMixin - INFO - Fetching summary of computed metrics...
2025-05-19 12:37:27,288 - airflow.utils.log.logging_mixin.LoggingMixin - INFO - Airline Metrics Summary:
2025-05-19 12:37:27,291 - airflow.utils.log.logging_mixin.LoggingMixin - INFO - - Total Airlines: 24
2025-05-19 12:37:27,294 - airflow.utils.log.logging_mixin.LoggingMixin - INFO - - Overall Average Fare: 70319.81
2025-05-19 12:37:27,296 - airflow.utils.log.logging_mixin.LoggingMixin - INFO - - Total Bookings: 114000
2025-05-19 12:37:27,298 - airflow.utils.log.logging_mixin.LoggingMixin - INFO - Seasonal Metrics Summary:
2025-05-19 12:37:27,300 - airflow.utils.log.logging_mixin.LoggingMixin - INFO - - Total Seasons: 4
2025-05-19 12:37:27,301 - airflow.utils.log.logging_mixin.LoggingMixin - INFO - - Overall Average Fare: 83393.62
2025-05-19 12:37:27,304 - airflow.utils.log.logging_mixin.LoggingMixin - INFO - - Total Bookings: 114000
2025-05-19 12:37:27,306 - airflow.utils.log.logging_mixin.LoggingMixin - INFO - Route Metrics Summary:
2025-05-19 12:37:27,307 - airflow.utils.log.logging_mixin.LoggingMixin - INFO - - Total Routes: 152
2025-05-19 12:37:27,308 - airflow.utils.log.logging_mixin.LoggingMixin - INFO - - Overall Average Fare: 70367.84
2025-05-19 12:37:27,309 - airflow.utils.log.logging_mixin.LoggingMixin - INFO - - Total Bookings: 114000
2025-05-19 12:37:27,343 - airflow.utils.log.logging_mixin.LoggingMixin - INFO - Data transformation and KPI computation completed successfully!
2025-05-19 12:37:27,346 - airflow.utils.log.logging_mixin.LoggingMixin - INFO - MySQL connection closed
2025-05-19 12:37:30,753 - airflow.utils.log.logging_mixin.LoggingMixin - INFO - Connecting to MySQL and PostgreSQL...
2025-05-19 12:37:30,830 - airflow.utils.log.logging_mixin.LoggingMixin - ERROR - Database error: connection to server at "postgres" (172.22.0.3), port 5432 failed: FATAL:  password authentication failed for user "postgres"

2025-05-19 12:42:33,359 - airflow.utils.log.logging_mixin.LoggingMixin - INFO - Connecting to MySQL and PostgreSQL...
2025-05-19 12:42:33,412 - airflow.utils.log.logging_mixin.LoggingMixin - ERROR - Database error: connection to server at "postgres" (172.22.0.3), port 5432 failed: FATAL:  password authentication failed for user "postgres"

2025-05-19 12:42:33,416 - airflow.utils.log.logging_mixin.LoggingMixin - INFO - Database connections closed
2025-05-19 12:47:35,951 - airflow.utils.log.logging_mixin.LoggingMixin - INFO - Connecting to MySQL and PostgreSQL...
2025-05-19 12:47:36,013 - airflow.utils.log.logging_mixin.LoggingMixin - INFO - Creating PostgreSQL tables...
2025-05-19 12:47:36,106 - airflow.utils.log.logging_mixin.LoggingMixin - INFO - Starting parallel data loading...
2025-05-19 12:47:36,108 - airflow.utils.log.logging_mixin.LoggingMixin - INFO - Loading airline_metrics...
2025-05-19 12:47:36,109 - airflow.utils.log.logging_mixin.LoggingMixin - INFO - Loading seasonal_metrics...
2025-05-19 12:47:36,110 - airflow.utils.log.logging_mixin.LoggingMixin - INFO - Loading route_metrics...
2025-05-19 12:47:36,112 - airflow.utils.log.logging_mixin.LoggingMixin - INFO - Loading flight_data...
2025-05-19 12:47:36,113 - airflow.utils.log.logging_mixin.LoggingMixin - ERROR - Error loading seasonal_metrics: Unread result found
2025-05-19 12:47:36,116 - airflow.utils.log.logging_mixin.LoggingMixin - ERROR - Error loading route_metrics: Unread result found
2025-05-19 12:47:36,117 - airflow.utils.log.logging_mixin.LoggingMixin - ERROR - Error loading flight_data: Unread result found
2025-05-19 12:47:36,139 - airflow.utils.log.logging_mixin.LoggingMixin - INFO - Successfully loaded 24 rows into airline_metrics
2025-05-19 12:47:36,141 - airflow.utils.log.logging_mixin.LoggingMixin - ERROR - Database error: Unread result found
2025-05-19 12:47:36,143 - airflow.utils.log.logging_mixin.LoggingMixin - INFO - Database connections closed
2025-05-19 12:52:40,134 - airflow.utils.log.logging_mixin.LoggingMixin - INFO - Starting download of dataset...
2025-05-19 12:57:51,430 - airflow.utils.log.logging_mixin.LoggingMixin - INFO - Starting download of dataset...
2025-05-19 12:58:01,304 - airflow.utils.log.logging_mixin.LoggingMixin - INFO - Download complete. Starting extraction...
2025-05-19 12:58:01,695 - airflow.utils.log.logging_mixin.LoggingMixin - INFO - Dataset downloaded and extracted successfully!
2025-05-19 12:58:09,560 - airflow.utils.log.logging_mixin.LoggingMixin - INFO - Reading CSV file...
2025-05-19 12:58:10,024 - airflow.utils.log.logging_mixin.LoggingMixin - INFO - Connecting to MySQL...
2025-05-19 12:58:10,087 - airflow.utils.log.logging_mixin.LoggingMixin - INFO - Creating table if not exists...
2025-05-19 12:58:10,095 - airflow.utils.log.logging_mixin.LoggingMixin - INFO - Inserting data...
2025-05-19 12:58:57,087 - airflow.utils.log.logging_mixin.LoggingMixin - INFO - Data loaded successfully!
2025-05-19 12:58:57,092 - airflow.utils.log.logging_mixin.LoggingMixin - INFO - MySQL connection closed
2025-05-19 12:59:00,468 - airflow.utils.log.logging_mixin.LoggingMixin - INFO - Connecting to MySQL for data validation...
2025-05-19 12:59:00,518 - airflow.utils.log.logging_mixin.LoggingMixin - INFO - Checking required columns and data types...
2025-05-19 12:59:00,526 - airflow.utils.log.logging_mixin.LoggingMixin - INFO - Checking for null values in critical fields...
2025-05-19 12:59:00,718 - airflow.utils.log.logging_mixin.LoggingMixin - INFO - Validating numeric values...
2025-05-19 12:59:00,935 - airflow.utils.log.logging_mixin.LoggingMixin - INFO - Validating string fields...
2025-05-19 12:59:01,210 - airflow.utils.log.logging_mixin.LoggingMixin - INFO - Validating date fields...
2025-05-19 12:59:01,486 - airflow.utils.log.logging_mixin.LoggingMixin - INFO - Checking data consistency...
2025-05-19 12:59:01,618 - airflow.utils.log.logging_mixin.LoggingMixin - WARNING - Found 2522 rows with inconsistent data
2025-05-19 12:59:01,619 - airflow.utils.log.logging_mixin.LoggingMixin - INFO - Checking for duplicate entries...
2025-05-19 12:59:05,303 - airflow.utils.log.logging_mixin.LoggingMixin - WARNING - Found 57000 sets of duplicate flight entries
2025-05-19 12:59:05,303 - airflow.utils.log.logging_mixin.LoggingMixin - INFO - Data validation completed successfully!
2025-05-19 12:59:05,304 - airflow.utils.log.logging_mixin.LoggingMixin - INFO - Summary of findings:
2025-05-19 12:59:05,305 - airflow.utils.log.logging_mixin.LoggingMixin - INFO - - Null values in critical fields: 0
2025-05-19 12:59:05,306 - airflow.utils.log.logging_mixin.LoggingMixin - INFO - - Invalid numeric values: 0
2025-05-19 12:59:05,306 - airflow.utils.log.logging_mixin.LoggingMixin - INFO - - Empty string values: 0
2025-05-19 12:59:05,307 - airflow.utils.log.logging_mixin.LoggingMixin - INFO - - Invalid date formats/sequences: 0
2025-05-19 12:59:05,308 - airflow.utils.log.logging_mixin.LoggingMixin - INFO - - Inconsistent data: 2522
2025-05-19 12:59:05,308 - airflow.utils.log.logging_mixin.LoggingMixin - INFO - - Duplicate entries: 57000
2025-05-19 12:59:05,311 - airflow.utils.log.logging_mixin.LoggingMixin - INFO - MySQL connection closed
2025-05-19 12:59:09,365 - airflow.utils.log.logging_mixin.LoggingMixin - INFO - Connecting to MySQL for data transformation and KPI computation...
2025-05-19 12:59:09,468 - airflow.utils.log.logging_mixin.LoggingMixin - INFO - Creating KPI tables...
2025-05-19 12:59:09,487 - airflow.utils.log.logging_mixin.LoggingMixin - INFO - Updating Total Fare calculations...
2025-05-19 12:59:10,143 - airflow.utils.log.logging_mixin.LoggingMixin - INFO - Computing airline metrics...
2025-05-19 12:59:10,496 - airflow.utils.log.logging_mixin.LoggingMixin - INFO - Computing seasonal metrics...
2025-05-19 12:59:10,854 - airflow.utils.log.logging_mixin.LoggingMixin - INFO - Computing route metrics...
2025-05-19 12:59:11,298 - airflow.utils.log.logging_mixin.LoggingMixin - INFO - Fetching summary of computed metrics...
2025-05-19 12:59:11,300 - airflow.utils.log.logging_mixin.LoggingMixin - INFO - Airline Metrics Summary:
2025-05-19 12:59:11,301 - airflow.utils.log.logging_mixin.LoggingMixin - INFO - - Total Airlines: 24
2025-05-19 12:59:11,302 - airflow.utils.log.logging_mixin.LoggingMixin - INFO - - Overall Average Fare: 70319.81
2025-05-19 12:59:11,303 - airflow.utils.log.logging_mixin.LoggingMixin - INFO - - Total Bookings: 171000
2025-05-19 12:59:11,305 - airflow.utils.log.logging_mixin.LoggingMixin - INFO - Seasonal Metrics Summary:
2025-05-19 12:59:11,306 - airflow.utils.log.logging_mixin.LoggingMixin - INFO - - Total Seasons: 4
2025-05-19 12:59:11,307 - airflow.utils.log.logging_mixin.LoggingMixin - INFO - - Overall Average Fare: 83393.62
2025-05-19 12:59:11,308 - airflow.utils.log.logging_mixin.LoggingMixin - INFO - - Total Bookings: 171000
2025-05-19 12:59:11,309 - airflow.utils.log.logging_mixin.LoggingMixin - INFO - Route Metrics Summary:
2025-05-19 12:59:11,310 - airflow.utils.log.logging_mixin.LoggingMixin - INFO - - Total Routes: 152
2025-05-19 12:59:11,311 - airflow.utils.log.logging_mixin.LoggingMixin - INFO - - Overall Average Fare: 70367.84
2025-05-19 12:59:11,312 - airflow.utils.log.logging_mixin.LoggingMixin - INFO - - Total Bookings: 171000
2025-05-19 12:59:11,345 - airflow.utils.log.logging_mixin.LoggingMixin - INFO - Data transformation and KPI computation completed successfully!
2025-05-19 12:59:11,347 - airflow.utils.log.logging_mixin.LoggingMixin - INFO - MySQL connection closed
2025-05-19 12:59:13,418 - airflow.utils.log.logging_mixin.LoggingMixin - INFO - Connecting to MySQL and PostgreSQL...
2025-05-19 12:59:13,833 - airflow.utils.log.logging_mixin.LoggingMixin - INFO - Creating PostgreSQL tables...
2025-05-19 12:59:13,880 - airflow.utils.log.logging_mixin.LoggingMixin - INFO - Starting parallel data loading...
2025-05-19 12:59:13,882 - airflow.utils.log.logging_mixin.LoggingMixin - INFO - Loading airline_metrics...
2025-05-19 12:59:13,882 - airflow.utils.log.logging_mixin.LoggingMixin - INFO - Loading seasonal_metrics...
2025-05-19 12:59:13,883 - airflow.utils.log.logging_mixin.LoggingMixin - INFO - Loading route_metrics...
2025-05-19 12:59:13,886 - airflow.utils.log.logging_mixin.LoggingMixin - INFO - Loading flight_data...
2025-05-19 12:59:13,887 - airflow.utils.log.logging_mixin.LoggingMixin - ERROR - Error loading seasonal_metrics: 2014 (HY000): Commands out of sync; you can't run this command now
2025-05-19 12:59:13,889 - airflow.utils.log.logging_mixin.LoggingMixin - ERROR - Error loading route_metrics: Unread result found
2025-05-19 12:59:13,889 - airflow.utils.log.logging_mixin.LoggingMixin - ERROR - Error loading flight_data: Unread result found
2025-05-19 12:59:13,892 - airflow.utils.log.logging_mixin.LoggingMixin - ERROR - Error loading airline_metrics: 2014 (HY000): Commands out of sync; you can't run this command now
2025-05-19 12:59:13,895 - airflow.utils.log.logging_mixin.LoggingMixin - ERROR - Database error: 2014 (HY000): Commands out of sync; you can't run this command now
2025-05-19 12:59:13,898 - airflow.utils.log.logging_mixin.LoggingMixin - INFO - Database connections closed
2025-05-19 13:04:15,598 - airflow.utils.log.logging_mixin.LoggingMixin - INFO - Connecting to MySQL and PostgreSQL...
2025-05-19 13:04:15,662 - airflow.utils.log.logging_mixin.LoggingMixin - INFO - Creating PostgreSQL tables...
2025-05-19 13:04:15,667 - airflow.utils.log.logging_mixin.LoggingMixin - INFO - Starting parallel data loading...
2025-05-19 13:04:15,669 - airflow.utils.log.logging_mixin.LoggingMixin - INFO - Loading airline_metrics...
2025-05-19 13:04:15,670 - airflow.utils.log.logging_mixin.LoggingMixin - INFO - Loading seasonal_metrics...
2025-05-19 13:04:15,671 - airflow.utils.log.logging_mixin.LoggingMixin - INFO - Loading route_metrics...
2025-05-19 13:04:15,674 - airflow.utils.log.logging_mixin.LoggingMixin - ERROR - Error loading seasonal_metrics: 2013 (HY000): Lost connection to MySQL server during query
2025-05-19 13:04:15,674 - airflow.utils.log.logging_mixin.LoggingMixin - INFO - Loading flight_data...
2025-05-19 13:04:15,674 - airflow.utils.log.logging_mixin.LoggingMixin - ERROR - Error loading airline_metrics: 2013 (HY000): Lost connection to MySQL server during query
2025-05-19 13:04:15,675 - airflow.utils.log.logging_mixin.LoggingMixin - ERROR - Error loading route_metrics: 2014 (HY000): Commands out of sync; you can't run this command now
2025-05-19 13:04:15,677 - airflow.utils.log.logging_mixin.LoggingMixin - ERROR - Error loading flight_data: 2014 (HY000): Commands out of sync; you can't run this command now
2025-05-19 13:04:15,680 - airflow.utils.log.logging_mixin.LoggingMixin - ERROR - Database error: 2013 (HY000): Lost connection to MySQL server during query
2025-05-19 13:04:15,682 - airflow.utils.log.logging_mixin.LoggingMixin - INFO - Database connections closed
2025-05-19 13:07:44,396 - airflow.utils.log.logging_mixin.LoggingMixin - INFO - Creating data directory...
2025-05-19 13:07:44,401 - airflow.utils.log.logging_mixin.LoggingMixin - INFO - Starting download of dataset...
2025-05-19 13:08:18,589 - airflow.utils.log.logging_mixin.LoggingMixin - INFO - Download complete. Starting extraction...
2025-05-19 13:08:19,147 - airflow.utils.log.logging_mixin.LoggingMixin - INFO - Dataset downloaded and extracted successfully!
2025-05-19 13:08:20,740 - airflow.utils.log.logging_mixin.LoggingMixin - INFO - Creating data directory...
2025-05-19 13:08:20,742 - airflow.utils.log.logging_mixin.LoggingMixin - INFO - Starting download of dataset...
2025-05-19 13:08:25,938 - airflow.utils.log.logging_mixin.LoggingMixin - INFO - Reading CSV file...
2025-05-19 13:08:26,417 - airflow.utils.log.logging_mixin.LoggingMixin - INFO - Connecting to MySQL...
2025-05-19 13:08:26,483 - airflow.utils.log.logging_mixin.LoggingMixin - INFO - Creating table if not exists...
2025-05-19 13:08:26,492 - airflow.utils.log.logging_mixin.LoggingMixin - INFO - Inserting data...
2025-05-19 13:08:39,025 - airflow.utils.log.logging_mixin.LoggingMixin - INFO - Download complete. Starting extraction...
2025-05-19 13:08:39,500 - airflow.utils.log.logging_mixin.LoggingMixin - INFO - Dataset downloaded and extracted successfully!
2025-05-19 13:08:52,822 - airflow.utils.log.logging_mixin.LoggingMixin - INFO - Reading CSV file...
2025-05-19 13:08:53,269 - airflow.utils.log.logging_mixin.LoggingMixin - INFO - Connecting to MySQL...
2025-05-19 13:08:53,339 - airflow.utils.log.logging_mixin.LoggingMixin - INFO - Creating table if not exists...
2025-05-19 13:08:53,363 - airflow.utils.log.logging_mixin.LoggingMixin - INFO - Inserting data...
2025-05-19 13:09:19,536 - airflow.utils.log.logging_mixin.LoggingMixin - INFO - MySQL connection closed
2025-05-19 13:09:48,880 - airflow.utils.log.logging_mixin.LoggingMixin - INFO - Data loaded successfully!
2025-05-19 13:09:48,883 - airflow.utils.log.logging_mixin.LoggingMixin - INFO - MySQL connection closed
2025-05-19 13:09:53,840 - airflow.utils.log.logging_mixin.LoggingMixin - INFO - Connecting to MySQL for data validation...
2025-05-19 13:09:53,890 - airflow.utils.log.logging_mixin.LoggingMixin - INFO - Checking required columns and data types...
2025-05-19 13:09:53,917 - airflow.utils.log.logging_mixin.LoggingMixin - INFO - Checking for null values in critical fields...
2025-05-19 13:09:54,167 - airflow.utils.log.logging_mixin.LoggingMixin - INFO - Validating numeric values...
2025-05-19 13:09:54,415 - airflow.utils.log.logging_mixin.LoggingMixin - INFO - Validating string fields...
2025-05-19 13:09:54,757 - airflow.utils.log.logging_mixin.LoggingMixin - INFO - Validating date fields...
2025-05-19 13:09:55,076 - airflow.utils.log.logging_mixin.LoggingMixin - INFO - Checking data consistency...
2025-05-19 13:09:55,257 - airflow.utils.log.logging_mixin.LoggingMixin - WARNING - Found 2522 rows with inconsistent data
2025-05-19 13:09:55,258 - airflow.utils.log.logging_mixin.LoggingMixin - INFO - Checking for duplicate entries...
2025-05-19 13:09:57,555 - airflow.utils.log.logging_mixin.LoggingMixin - WARNING - Found 57000 sets of duplicate flight entries
2025-05-19 13:09:57,556 - airflow.utils.log.logging_mixin.LoggingMixin - INFO - Data validation completed successfully!
2025-05-19 13:09:57,556 - airflow.utils.log.logging_mixin.LoggingMixin - INFO - Summary of findings:
2025-05-19 13:09:57,557 - airflow.utils.log.logging_mixin.LoggingMixin - INFO - - Null values in critical fields: 0
2025-05-19 13:09:57,558 - airflow.utils.log.logging_mixin.LoggingMixin - INFO - - Invalid numeric values: 0
2025-05-19 13:09:57,558 - airflow.utils.log.logging_mixin.LoggingMixin - INFO - - Empty string values: 0
2025-05-19 13:09:57,559 - airflow.utils.log.logging_mixin.LoggingMixin - INFO - - Invalid date formats/sequences: 0
2025-05-19 13:09:57,559 - airflow.utils.log.logging_mixin.LoggingMixin - INFO - - Inconsistent data: 2522
2025-05-19 13:09:57,560 - airflow.utils.log.logging_mixin.LoggingMixin - INFO - - Duplicate entries: 57000
2025-05-19 13:09:57,562 - airflow.utils.log.logging_mixin.LoggingMixin - INFO - MySQL connection closed
2025-05-19 13:09:59,769 - airflow.utils.log.logging_mixin.LoggingMixin - INFO - Connecting to MySQL for data transformation and KPI computation...
2025-05-19 13:09:59,827 - airflow.utils.log.logging_mixin.LoggingMixin - INFO - Creating KPI tables...
2025-05-19 13:09:59,844 - airflow.utils.log.logging_mixin.LoggingMixin - INFO - Updating Total Fare calculations...
2025-05-19 13:10:00,279 - airflow.utils.log.logging_mixin.LoggingMixin - INFO - Computing airline metrics...
2025-05-19 13:10:00,723 - airflow.utils.log.logging_mixin.LoggingMixin - INFO - Computing seasonal metrics...
2025-05-19 13:10:01,185 - airflow.utils.log.logging_mixin.LoggingMixin - INFO - Computing route metrics...
2025-05-19 13:10:01,704 - airflow.utils.log.logging_mixin.LoggingMixin - INFO - Fetching summary of computed metrics...
2025-05-19 13:10:01,706 - airflow.utils.log.logging_mixin.LoggingMixin - INFO - Airline Metrics Summary:
2025-05-19 13:10:01,707 - airflow.utils.log.logging_mixin.LoggingMixin - INFO - - Total Airlines: 24
2025-05-19 13:10:01,707 - airflow.utils.log.logging_mixin.LoggingMixin - INFO - - Overall Average Fare: 70319.81
2025-05-19 13:10:01,708 - airflow.utils.log.logging_mixin.LoggingMixin - INFO - - Total Bookings: 228000
2025-05-19 13:10:01,709 - airflow.utils.log.logging_mixin.LoggingMixin - INFO - Seasonal Metrics Summary:
2025-05-19 13:10:01,710 - airflow.utils.log.logging_mixin.LoggingMixin - INFO - - Total Seasons: 4
2025-05-19 13:10:01,711 - airflow.utils.log.logging_mixin.LoggingMixin - INFO - - Overall Average Fare: 83393.62
2025-05-19 13:10:01,712 - airflow.utils.log.logging_mixin.LoggingMixin - INFO - - Total Bookings: 228000
2025-05-19 13:10:01,713 - airflow.utils.log.logging_mixin.LoggingMixin - INFO - Route Metrics Summary:
2025-05-19 13:10:01,714 - airflow.utils.log.logging_mixin.LoggingMixin - INFO - - Total Routes: 152
2025-05-19 13:10:01,715 - airflow.utils.log.logging_mixin.LoggingMixin - INFO - - Overall Average Fare: 70367.84
2025-05-19 13:10:01,715 - airflow.utils.log.logging_mixin.LoggingMixin - INFO - - Total Bookings: 228000
2025-05-19 13:10:01,743 - airflow.utils.log.logging_mixin.LoggingMixin - INFO - Data transformation and KPI computation completed successfully!
2025-05-19 13:10:01,745 - airflow.utils.log.logging_mixin.LoggingMixin - INFO - MySQL connection closed
2025-05-19 13:24:47,856 - airflow.utils.log.logging_mixin.LoggingMixin - INFO - Creating data directory...
2025-05-19 13:24:47,857 - airflow.utils.log.logging_mixin.LoggingMixin - INFO - Starting download of dataset...
2025-05-19 13:25:05,390 - airflow.utils.log.logging_mixin.LoggingMixin - INFO - Download complete. Starting extraction...
2025-05-19 13:25:05,742 - airflow.utils.log.logging_mixin.LoggingMixin - INFO - Dataset downloaded and extracted successfully!
2025-05-19 13:25:14,562 - airflow.utils.log.logging_mixin.LoggingMixin - INFO - Reading CSV file...
2025-05-19 13:25:15,124 - airflow.utils.log.logging_mixin.LoggingMixin - INFO - Connecting to MySQL...
2025-05-19 13:25:15,194 - airflow.utils.log.logging_mixin.LoggingMixin - INFO - Creating table if not exists...
2025-05-19 13:25:15,555 - airflow.utils.log.logging_mixin.LoggingMixin - INFO - Inserting data...
2025-05-19 13:26:10,342 - airflow.utils.log.logging_mixin.LoggingMixin - INFO - Data loaded successfully!
2025-05-19 13:26:10,345 - airflow.utils.log.logging_mixin.LoggingMixin - INFO - MySQL connection closed
2025-05-19 13:26:13,438 - airflow.utils.log.logging_mixin.LoggingMixin - INFO - Connecting to MySQL for data validation...
2025-05-19 13:26:13,499 - airflow.utils.log.logging_mixin.LoggingMixin - INFO - Checking required columns and data types...
2025-05-19 13:26:13,510 - airflow.utils.log.logging_mixin.LoggingMixin - INFO - Checking for null values in critical fields...
2025-05-19 13:26:13,557 - airflow.utils.log.logging_mixin.LoggingMixin - INFO - Validating numeric values...
2025-05-19 13:26:13,618 - airflow.utils.log.logging_mixin.LoggingMixin - INFO - Validating string fields...
2025-05-19 13:26:13,724 - airflow.utils.log.logging_mixin.LoggingMixin - INFO - Validating date fields...
2025-05-19 13:26:13,810 - airflow.utils.log.logging_mixin.LoggingMixin - INFO - Checking data consistency...
2025-05-19 13:26:13,866 - airflow.utils.log.logging_mixin.LoggingMixin - WARNING - Found 2522 rows with inconsistent data
2025-05-19 13:26:13,867 - airflow.utils.log.logging_mixin.LoggingMixin - INFO - Checking for duplicate entries...
2025-05-19 13:26:14,257 - airflow.utils.log.logging_mixin.LoggingMixin - INFO - Data validation completed successfully!
2025-05-19 13:26:14,258 - airflow.utils.log.logging_mixin.LoggingMixin - INFO - Summary of findings:
2025-05-19 13:26:14,259 - airflow.utils.log.logging_mixin.LoggingMixin - INFO - - Null values in critical fields: 0
2025-05-19 13:26:14,260 - airflow.utils.log.logging_mixin.LoggingMixin - INFO - - Invalid numeric values: 0
2025-05-19 13:26:14,260 - airflow.utils.log.logging_mixin.LoggingMixin - INFO - - Empty string values: 0
2025-05-19 13:26:14,261 - airflow.utils.log.logging_mixin.LoggingMixin - INFO - - Invalid date formats/sequences: 0
2025-05-19 13:26:14,262 - airflow.utils.log.logging_mixin.LoggingMixin - INFO - - Inconsistent data: 2522
2025-05-19 13:26:14,262 - airflow.utils.log.logging_mixin.LoggingMixin - INFO - - Duplicate entries: 0
2025-05-19 13:26:14,265 - airflow.utils.log.logging_mixin.LoggingMixin - INFO - MySQL connection closed
2025-05-19 13:26:16,033 - airflow.utils.log.logging_mixin.LoggingMixin - INFO - Connecting to MySQL for data transformation and KPI computation...
2025-05-19 13:26:16,086 - airflow.utils.log.logging_mixin.LoggingMixin - INFO - Creating KPI tables...
2025-05-19 13:26:17,292 - airflow.utils.log.logging_mixin.LoggingMixin - INFO - Updating Total Fare calculations...
2025-05-19 13:26:18,624 - airflow.utils.log.logging_mixin.LoggingMixin - INFO - Computing airline metrics...
2025-05-19 13:26:18,742 - airflow.utils.log.logging_mixin.LoggingMixin - INFO - Computing seasonal metrics...
2025-05-19 13:26:18,970 - airflow.utils.log.logging_mixin.LoggingMixin - INFO - Computing route metrics...
2025-05-19 13:26:19,098 - airflow.utils.log.logging_mixin.LoggingMixin - INFO - Fetching summary of computed metrics...
2025-05-19 13:26:19,113 - airflow.utils.log.logging_mixin.LoggingMixin - INFO - Airline Metrics Summary:
2025-05-19 13:26:19,114 - airflow.utils.log.logging_mixin.LoggingMixin - INFO - - Total Airlines: 24
2025-05-19 13:26:19,115 - airflow.utils.log.logging_mixin.LoggingMixin - INFO - - Overall Average Fare: 70319.81
2025-05-19 13:26:19,115 - airflow.utils.log.logging_mixin.LoggingMixin - INFO - - Total Bookings: 57000
2025-05-19 13:26:19,117 - airflow.utils.log.logging_mixin.LoggingMixin - INFO - Seasonal Metrics Summary:
2025-05-19 13:26:19,118 - airflow.utils.log.logging_mixin.LoggingMixin - INFO - - Total Seasons: 4
2025-05-19 13:26:19,119 - airflow.utils.log.logging_mixin.LoggingMixin - INFO - - Overall Average Fare: 83393.62
2025-05-19 13:26:19,120 - airflow.utils.log.logging_mixin.LoggingMixin - INFO - - Total Bookings: 57000
2025-05-19 13:26:19,128 - airflow.utils.log.logging_mixin.LoggingMixin - INFO - Route Metrics Summary:
2025-05-19 13:26:19,128 - airflow.utils.log.logging_mixin.LoggingMixin - INFO - - Total Routes: 152
2025-05-19 13:26:19,130 - airflow.utils.log.logging_mixin.LoggingMixin - INFO - - Overall Average Fare: 70367.84
2025-05-19 13:26:19,131 - airflow.utils.log.logging_mixin.LoggingMixin - INFO - - Total Bookings: 57000
2025-05-19 13:26:19,355 - airflow.utils.log.logging_mixin.LoggingMixin - INFO - Data transformation and KPI computation completed successfully!
2025-05-19 13:26:19,358 - airflow.utils.log.logging_mixin.LoggingMixin - INFO - MySQL connection closed
2025-05-19 13:26:21,933 - airflow.utils.log.logging_mixin.LoggingMixin - INFO - Connecting to MySQL and PostgreSQL...
2025-05-19 13:26:21,991 - airflow.utils.log.logging_mixin.LoggingMixin - ERROR - Database error: connection to server at "postgres" (172.22.0.3), port 5432 failed: FATAL:  database "flight_analytics" does not exist

2025-05-19 13:26:21,995 - airflow.utils.log.logging_mixin.LoggingMixin - INFO - Database connections closed
2025-05-19 13:31:25,226 - airflow.utils.log.logging_mixin.LoggingMixin - INFO - Connecting to MySQL and PostgreSQL...
2025-05-19 13:31:25,309 - airflow.utils.log.logging_mixin.LoggingMixin - INFO - Creating flight_analytics database...
2025-05-19 13:31:25,475 - airflow.utils.log.logging_mixin.LoggingMixin - INFO - Creating PostgreSQL tables...
2025-05-19 13:31:25,552 - airflow.utils.log.logging_mixin.LoggingMixin - INFO - Starting parallel data loading...
2025-05-19 13:31:25,557 - airflow.utils.log.logging_mixin.LoggingMixin - INFO - Loading airline_metrics...
2025-05-19 13:31:25,558 - airflow.utils.log.logging_mixin.LoggingMixin - INFO - Loading seasonal_metrics...
2025-05-19 13:31:25,560 - airflow.utils.log.logging_mixin.LoggingMixin - INFO - Loading route_metrics...
2025-05-19 13:31:25,563 - airflow.utils.log.logging_mixin.LoggingMixin - INFO - Loading flight_data...
2025-05-19 13:31:25,571 - airflow.utils.log.logging_mixin.LoggingMixin - ERROR - Error loading seasonal_metrics: 2013 (HY000): Lost connection to MySQL server during query
2025-05-19 13:48:16,579 - airflow.utils.log.logging_mixin.LoggingMixin - INFO - Connecting to MySQL and PostgreSQL...
2025-05-19 13:48:16,685 - airflow.utils.log.logging_mixin.LoggingMixin - INFO - Creating PostgreSQL tables...
2025-05-19 13:48:16,688 - airflow.utils.log.logging_mixin.LoggingMixin - INFO - Starting parallel data loading...
2025-05-19 13:48:16,690 - airflow.utils.log.logging_mixin.LoggingMixin - INFO - Loading airline_metrics (attempt 1/3)...
2025-05-19 13:48:16,690 - airflow.utils.log.logging_mixin.LoggingMixin - INFO - Loading seasonal_metrics (attempt 1/3)...
2025-05-19 13:48:16,973 - airflow.utils.log.logging_mixin.LoggingMixin - WARNING - Error loading airline_metrics: 2013 (HY000): Lost connection to MySQL server during query. Retrying in 5 seconds...
2025-05-19 13:48:22,518 - airflow.utils.log.logging_mixin.LoggingMixin - INFO - Loading airline_metrics (attempt 2/3)...
2025-05-19 13:48:22,570 - airflow.utils.log.logging_mixin.LoggingMixin - INFO - Total rows to load for airline_metrics: 24
2025-05-19 13:48:22,624 - airflow.utils.log.logging_mixin.LoggingMixin - INFO - Loaded 24/24 rows into airline_metrics
2025-05-19 13:48:22,625 - airflow.utils.log.logging_mixin.LoggingMixin - INFO - Successfully loaded all 24 rows into airline_metrics
2025-05-19 13:48:22,628 - airflow.utils.log.logging_mixin.LoggingMixin - INFO - Loading route_metrics (attempt 1/3)...
2025-05-19 13:48:24,521 - airflow.utils.log.logging_mixin.LoggingMixin - INFO - Total rows to load for route_metrics: 152
2025-05-19 13:48:24,598 - airflow.utils.log.logging_mixin.LoggingMixin - INFO - Loaded 152/152 rows into route_metrics
2025-05-19 13:48:24,599 - airflow.utils.log.logging_mixin.LoggingMixin - INFO - Successfully loaded all 152 rows into route_metrics
2025-05-19 13:48:24,600 - airflow.utils.log.logging_mixin.LoggingMixin - INFO - Loading flight_data (attempt 1/3)...
2025-05-19 13:48:24,811 - airflow.utils.log.logging_mixin.LoggingMixin - INFO - Total rows to load for flight_data: 57000
2025-05-19 13:48:25,079 - airflow.utils.log.logging_mixin.LoggingMixin - ERROR - Unexpected error loading flight_data: syntax error at or near "Name"
LINE 2: ...INSERT INTO flight_data (id,Airline,Source,Source Name,Desti...
                                                             ^

2025-05-19 13:52:48,599 - airflow.utils.log.logging_mixin.LoggingMixin - INFO - Connecting to MySQL and PostgreSQL...
2025-05-19 13:52:48,729 - airflow.utils.log.logging_mixin.LoggingMixin - INFO - Creating PostgreSQL tables...
2025-05-19 13:52:48,733 - airflow.utils.log.logging_mixin.LoggingMixin - INFO - Starting parallel data loading...
2025-05-19 13:52:48,738 - airflow.utils.log.logging_mixin.LoggingMixin - INFO - Loading airline_metrics (attempt 1/3)...
2025-05-19 13:52:48,739 - airflow.utils.log.logging_mixin.LoggingMixin - INFO - Loading seasonal_metrics (attempt 1/3)...
2025-05-19 13:52:48,820 - airflow.utils.log.logging_mixin.LoggingMixin - INFO - Total rows to load for airline_metrics: 4
2025-05-19 13:52:48,822 - airflow.utils.log.logging_mixin.LoggingMixin - INFO - Total rows to load for seasonal_metrics: 24
2025-05-19 13:52:48,823 - airflow.utils.log.logging_mixin.LoggingMixin - WARNING - Error loading airline_metrics: 2013 (HY000): Lost connection to MySQL server during query. Retrying in 5 seconds...
2025-05-19 13:52:48,824 - airflow.utils.log.logging_mixin.LoggingMixin - WARNING - Error loading seasonal_metrics: 2013 (HY000): Lost connection to MySQL server during query. Retrying in 5 seconds...
2025-05-19 13:52:54,088 - airflow.utils.log.logging_mixin.LoggingMixin - INFO - Loading airline_metrics (attempt 2/3)...
2025-05-19 13:52:54,089 - airflow.utils.log.logging_mixin.LoggingMixin - INFO - MySQL connection lost, reconnecting...
2025-05-19 13:52:54,114 - airflow.utils.log.logging_mixin.LoggingMixin - INFO - Loading seasonal_metrics (attempt 2/3)...
2025-05-19 13:52:54,115 - airflow.utils.log.logging_mixin.LoggingMixin - INFO - MySQL connection lost, reconnecting...
2025-05-19 13:52:54,158 - airflow.utils.log.logging_mixin.LoggingMixin - ERROR - Unexpected error loading airline_metrics: MySQL server has gone away
2025-05-19 13:52:54,159 - airflow.utils.log.logging_mixin.LoggingMixin - INFO - Loading route_metrics (attempt 1/3)...
2025-05-19 13:52:54,160 - airflow.utils.log.logging_mixin.LoggingMixin - INFO - MySQL connection lost, reconnecting...
2025-05-19 13:52:54,182 - airflow.utils.log.logging_mixin.LoggingMixin - ERROR - Unexpected error loading seasonal_metrics: MySQL server has gone away
2025-05-19 13:52:54,183 - airflow.utils.log.logging_mixin.LoggingMixin - INFO - Loading flight_data (attempt 1/3)...
2025-05-19 13:52:54,184 - airflow.utils.log.logging_mixin.LoggingMixin - INFO - MySQL connection lost, reconnecting...
2025-05-19 13:52:54,224 - airflow.utils.log.logging_mixin.LoggingMixin - ERROR - Unexpected error loading route_metrics: MySQL server has gone away
2025-05-19 13:52:54,363 - airflow.utils.log.logging_mixin.LoggingMixin - INFO - Total rows to load for flight_data: 57000
2025-05-19 13:52:58,636 - airflow.utils.log.logging_mixin.LoggingMixin - INFO - Loaded 10000/57000 rows into flight_data
2025-05-19 13:53:02,638 - airflow.utils.log.logging_mixin.LoggingMixin - INFO - Loaded 20000/57000 rows into flight_data
2025-05-19 13:53:06,409 - airflow.utils.log.logging_mixin.LoggingMixin - INFO - Loaded 30000/57000 rows into flight_data
2025-05-19 13:53:11,225 - airflow.utils.log.logging_mixin.LoggingMixin - INFO - Loaded 40000/57000 rows into flight_data
2025-05-19 13:53:15,295 - airflow.utils.log.logging_mixin.LoggingMixin - INFO - Loaded 50000/57000 rows into flight_data
2025-05-19 13:53:18,015 - airflow.utils.log.logging_mixin.LoggingMixin - INFO - Loaded 57000/57000 rows into flight_data
2025-05-19 13:53:18,023 - airflow.utils.log.logging_mixin.LoggingMixin - INFO - Successfully loaded all 57000 rows into flight_data
2025-05-19 13:53:18,026 - airflow.utils.log.logging_mixin.LoggingMixin - INFO - Database connections closed
2025-05-19 13:54:22,199 - airflow.utils.log.logging_mixin.LoggingMixin - INFO - Connecting to MySQL and PostgreSQL...
2025-05-19 13:54:22,275 - airflow.utils.log.logging_mixin.LoggingMixin - INFO - Creating PostgreSQL tables...
2025-05-19 13:54:22,278 - airflow.utils.log.logging_mixin.LoggingMixin - INFO - Starting parallel data loading...
2025-05-19 13:54:22,280 - airflow.utils.log.logging_mixin.LoggingMixin - INFO - Loading airline_metrics (attempt 1/3)...
2025-05-19 13:54:22,281 - airflow.utils.log.logging_mixin.LoggingMixin - INFO - Loading seasonal_metrics (attempt 1/3)...
2025-05-19 13:54:22,363 - airflow.utils.log.logging_mixin.LoggingMixin - WARNING - Error loading seasonal_metrics: 2013 (HY000): Lost connection to MySQL server during query. Retrying in 5 seconds...
2025-05-19 13:54:28,027 - airflow.utils.log.logging_mixin.LoggingMixin - INFO - Loading seasonal_metrics (attempt 2/3)...
2025-05-19 13:54:28,077 - airflow.utils.log.logging_mixin.LoggingMixin - INFO - Total rows to load for seasonal_metrics: 4
2025-05-19 13:54:28,095 - airflow.utils.log.logging_mixin.LoggingMixin - INFO - Loaded 4/4 rows into seasonal_metrics
2025-05-19 13:54:28,096 - airflow.utils.log.logging_mixin.LoggingMixin - INFO - Successfully loaded all 4 rows into seasonal_metrics
2025-05-19 13:54:28,097 - airflow.utils.log.logging_mixin.LoggingMixin - INFO - Loading route_metrics (attempt 1/3)...
2025-05-19 13:54:28,170 - airflow.utils.log.logging_mixin.LoggingMixin - INFO - Total rows to load for route_metrics: 152
2025-05-19 13:54:28,228 - airflow.utils.log.logging_mixin.LoggingMixin - INFO - Loaded 152/152 rows into route_metrics
2025-05-19 13:54:28,229 - airflow.utils.log.logging_mixin.LoggingMixin - INFO - Successfully loaded all 152 rows into route_metrics
2025-05-19 13:54:28,230 - airflow.utils.log.logging_mixin.LoggingMixin - INFO - Loading flight_data (attempt 1/3)...
2025-05-19 13:54:28,323 - airflow.utils.log.logging_mixin.LoggingMixin - INFO - Total rows to load for flight_data: 57000
2025-05-19 13:54:32,659 - airflow.utils.log.logging_mixin.LoggingMixin - INFO - Loaded 10000/57000 rows into flight_data
2025-05-19 13:54:36,198 - airflow.utils.log.logging_mixin.LoggingMixin - INFO - Loaded 20000/57000 rows into flight_data
2025-05-19 13:54:40,056 - airflow.utils.log.logging_mixin.LoggingMixin - INFO - Loaded 30000/57000 rows into flight_data
2025-05-19 13:54:43,981 - airflow.utils.log.logging_mixin.LoggingMixin - INFO - Loaded 40000/57000 rows into flight_data
2025-05-19 13:54:48,133 - airflow.utils.log.logging_mixin.LoggingMixin - INFO - Loaded 50000/57000 rows into flight_data
2025-05-19 13:54:51,912 - airflow.utils.log.logging_mixin.LoggingMixin - INFO - Loaded 57000/57000 rows into flight_data
2025-05-19 13:54:51,923 - airflow.utils.log.logging_mixin.LoggingMixin - INFO - Successfully loaded all 57000 rows into flight_data
